[0.004s][info][gc,heap] Heap region size: 1M
[0.006s][info][gc     ] Using G1
[0.006s][info][gc,heap,coops] Heap address: 0x00000006d0000000, size: 4864 MB, Compressed Oops mode: Zero based, Oop shift amount: 3
[0.220s][info][gc,start     ] GC(0) Pause Young (Normal) (G1 Evacuation Pause)
[0.221s][info][gc,task      ] GC(0) Using 2 workers of 2 for evacuation
[0.227s][info][gc,phases    ] GC(0)   Pre Evacuate Collection Set: 0.0ms
[0.227s][info][gc,phases    ] GC(0)   Evacuate Collection Set: 6.3ms
[0.228s][info][gc,phases    ] GC(0)   Post Evacuate Collection Set: 0.3ms
[0.228s][info][gc,phases    ] GC(0)   Other: 1.0ms
[0.228s][info][gc,heap      ] GC(0) Eden regions: 7->0(4)
[0.228s][info][gc,heap      ] GC(0) Survivor regions: 0->1(1)
[0.228s][info][gc,heap      ] GC(0) Old regions: 0->5
[0.228s][info][gc,heap      ] GC(0) Humongous regions: 0->0
[0.228s][info][gc,metaspace ] GC(0) Metaspace: 7121K->7121K(1056768K)
[0.228s][info][gc           ] GC(0) Pause Young (Normal) (G1 Evacuation Pause) 7M->5M(110M) 7.691ms
[0.228s][info][gc,cpu       ] GC(0) User=0.01s Sys=0.00s Real=0.01s
[0.250s][info][gc,start     ] GC(1) Pause Young (Normal) (G1 Evacuation Pause)
[0.250s][info][gc,task      ] GC(1) Using 2 workers of 2 for evacuation
[0.256s][info][gc,phases    ] GC(1)   Pre Evacuate Collection Set: 0.0ms
[0.256s][info][gc,phases    ] GC(1)   Evacuate Collection Set: 5.6ms
[0.256s][info][gc,phases    ] GC(1)   Post Evacuate Collection Set: 0.3ms
[0.256s][info][gc,phases    ] GC(1)   Other: 0.1ms
[0.256s][info][gc,heap      ] GC(1) Eden regions: 4->0(4)
[0.256s][info][gc,heap      ] GC(1) Survivor regions: 1->1(1)
[0.256s][info][gc,heap      ] GC(1) Old regions: 5->10
[0.256s][info][gc,heap      ] GC(1) Humongous regions: 0->0
[0.256s][info][gc,metaspace ] GC(1) Metaspace: 7187K->7187K(1056768K)
[0.256s][info][gc           ] GC(1) Pause Young (Normal) (G1 Evacuation Pause) 9M->10M(110M) 6.082ms
[0.256s][info][gc,cpu       ] GC(1) User=0.01s Sys=0.00s Real=0.01s
[0.374s][info][gc,start     ] GC(2) Pause Young (Normal) (G1 Evacuation Pause)
[0.374s][info][gc,task      ] GC(2) Using 2 workers of 2 for evacuation
[0.379s][info][gc,phases    ] GC(2)   Pre Evacuate Collection Set: 0.0ms
[0.379s][info][gc,phases    ] GC(2)   Evacuate Collection Set: 4.9ms
[0.379s][info][gc,phases    ] GC(2)   Post Evacuate Collection Set: 0.2ms
[0.379s][info][gc,phases    ] GC(2)   Other: 0.1ms
[0.379s][info][gc,heap      ] GC(2) Eden regions: 4->0(8)
[0.379s][info][gc,heap      ] GC(2) Survivor regions: 1->1(1)
[0.379s][info][gc,heap      ] GC(2) Old regions: 10->12
[0.379s][info][gc,heap      ] GC(2) Humongous regions: 0->0
[0.379s][info][gc,metaspace ] GC(2) Metaspace: 8940K->8940K(1058816K)
[0.379s][info][gc           ] GC(2) Pause Young (Normal) (G1 Evacuation Pause) 14M->13M(110M) 5.322ms
[0.379s][info][gc,cpu       ] GC(2) User=0.01s Sys=0.00s Real=0.00s
[0.747s][info][gc,start     ] GC(3) Pause Young (Normal) (G1 Evacuation Pause)
[0.747s][info][gc,task      ] GC(3) Using 2 workers of 2 for evacuation
[0.753s][info][gc,phases    ] GC(3)   Pre Evacuate Collection Set: 0.0ms
[0.753s][info][gc,phases    ] GC(3)   Evacuate Collection Set: 6.1ms
[0.753s][info][gc,phases    ] GC(3)   Post Evacuate Collection Set: 0.4ms
[0.753s][info][gc,phases    ] GC(3)   Other: 0.1ms
[0.753s][info][gc,heap      ] GC(3) Eden regions: 8->0(12)
[0.753s][info][gc,heap      ] GC(3) Survivor regions: 1->2(2)
[0.753s][info][gc,heap      ] GC(3) Old regions: 12->14
[0.753s][info][gc,heap      ] GC(3) Humongous regions: 0->0
[0.753s][info][gc,metaspace ] GC(3) Metaspace: 17502K->17502K(1064960K)
[0.753s][info][gc           ] GC(3) Pause Young (Normal) (G1 Evacuation Pause) 21M->15M(110M) 6.678ms
[0.753s][info][gc,cpu       ] GC(3) User=0.01s Sys=0.00s Real=0.00s
[0.793s][info][gc,start     ] GC(4) Pause Young (Normal) (G1 Evacuation Pause)
[0.793s][info][gc,task      ] GC(4) Using 2 workers of 2 for evacuation
[0.804s][info][gc,phases    ] GC(4)   Pre Evacuate Collection Set: 0.0ms
[0.804s][info][gc,phases    ] GC(4)   Evacuate Collection Set: 9.8ms
[0.804s][info][gc,phases    ] GC(4)   Post Evacuate Collection Set: 1.0ms
[0.804s][info][gc,phases    ] GC(4)   Other: 0.1ms
[0.804s][info][gc,heap      ] GC(4) Eden regions: 12->0(15)
[0.804s][info][gc,heap      ] GC(4) Survivor regions: 2->2(2)
[0.804s][info][gc,heap      ] GC(4) Old regions: 14->22
[0.804s][info][gc,heap      ] GC(4) Humongous regions: 0->0
[0.804s][info][gc,metaspace ] GC(4) Metaspace: 18471K->18471K(1067008K)
[0.804s][info][gc           ] GC(4) Pause Young (Normal) (G1 Evacuation Pause) 27M->23M(178M) 11.014ms
[0.804s][info][gc,cpu       ] GC(4) User=0.01s Sys=0.01s Real=0.01s
[0.893s][info][gc,start     ] GC(5) Pause Young (Concurrent Start) (Metadata GC Threshold)
[0.893s][info][gc,task      ] GC(5) Using 2 workers of 2 for evacuation
[0.898s][info][gc,phases    ] GC(5)   Pre Evacuate Collection Set: 0.0ms
[0.898s][info][gc,phases    ] GC(5)   Evacuate Collection Set: 4.7ms
[0.898s][info][gc,phases    ] GC(5)   Post Evacuate Collection Set: 0.3ms
[0.898s][info][gc,phases    ] GC(5)   Other: 0.2ms
[0.898s][info][gc,heap      ] GC(5) Eden regions: 5->0(18)
[0.898s][info][gc,heap      ] GC(5) Survivor regions: 2->2(3)
[0.898s][info][gc,heap      ] GC(5) Old regions: 22->24
[0.898s][info][gc,heap      ] GC(5) Humongous regions: 0->0
[0.898s][info][gc,metaspace ] GC(5) Metaspace: 20615K->20615K(1069056K)
[0.898s][info][gc           ] GC(5) Pause Young (Concurrent Start) (Metadata GC Threshold) 28M->25M(178M) 5.341ms
[0.898s][info][gc,cpu       ] GC(5) User=0.00s Sys=0.00s Real=0.01s
[0.898s][info][gc           ] GC(6) Concurrent Cycle
[0.898s][info][gc,marking   ] GC(6) Concurrent Clear Claimed Marks
[0.898s][info][gc,marking   ] GC(6) Concurrent Clear Claimed Marks 0.020ms
[0.898s][info][gc,marking   ] GC(6) Concurrent Scan Root Regions
[0.899s][info][gc,marking   ] GC(6) Concurrent Scan Root Regions 0.824ms
[0.899s][info][gc,marking   ] GC(6) Concurrent Mark (0.899s)
[0.899s][info][gc,marking   ] GC(6) Concurrent Mark From Roots
[0.899s][info][gc,task      ] GC(6) Using 1 workers of 1 for marking
[0.955s][info][gc,marking   ] GC(6) Concurrent Mark From Roots 56.579ms
[0.956s][info][gc,marking   ] GC(6) Concurrent Preclean
[0.956s][info][gc,marking   ] GC(6) Concurrent Preclean 0.074ms
[0.956s][info][gc,marking   ] GC(6) Concurrent Mark (0.899s, 0.956s) 56.691ms
[0.958s][info][gc,start     ] GC(6) Pause Remark
[0.962s][info][gc,stringtable] GC(6) Cleaned string and symbol table, strings: 8523 processed, 9 removed, symbols: 72359 processed, 34 removed
[0.962s][info][gc            ] GC(6) Pause Remark 27M->27M(178M) 3.635ms
[0.962s][info][gc,cpu        ] GC(6) User=0.01s Sys=0.00s Real=0.00s
[0.962s][info][gc,marking    ] GC(6) Concurrent Rebuild Remembered Sets
[1.003s][info][gc,marking    ] GC(6) Concurrent Rebuild Remembered Sets 40.868ms
[1.007s][info][gc,start      ] GC(6) Pause Cleanup
[1.007s][info][gc            ] GC(6) Pause Cleanup 28M->28M(178M) 0.154ms
[1.007s][info][gc,cpu        ] GC(6) User=0.00s Sys=0.00s Real=0.00s
[1.007s][info][gc,marking    ] GC(6) Concurrent Cleanup for Next Mark
[1.008s][info][gc,marking    ] GC(6) Concurrent Cleanup for Next Mark 1.426ms
[1.008s][info][gc            ] GC(6) Concurrent Cycle 110.290ms
[1.249s][info][gc,start      ] GC(7) Pause Young (Concurrent Start) (G1 Evacuation Pause)
[1.249s][info][gc,task       ] GC(7) Using 2 workers of 2 for evacuation
[1.268s][info][gc,phases     ] GC(7)   Pre Evacuate Collection Set: 0.1ms
[1.268s][info][gc,phases     ] GC(7)   Evacuate Collection Set: 18.3ms
[1.268s][info][gc,phases     ] GC(7)   Post Evacuate Collection Set: 0.4ms
[1.268s][info][gc,phases     ] GC(7)   Other: 0.1ms
[1.268s][info][gc,heap       ] GC(7) Eden regions: 18->0(33)
[1.268s][info][gc,heap       ] GC(7) Survivor regions: 2->3(3)
[1.268s][info][gc,heap       ] GC(7) Old regions: 24->31
[1.268s][info][gc,heap       ] GC(7) Humongous regions: 0->0
[1.268s][info][gc,metaspace  ] GC(7) Metaspace: 25428K->25428K(1073152K)
[1.268s][info][gc            ] GC(7) Pause Young (Concurrent Start) (G1 Evacuation Pause) 43M->34M(178M) 19.020ms
[1.268s][info][gc,cpu        ] GC(7) User=0.01s Sys=0.02s Real=0.02s
[1.268s][info][gc            ] GC(8) Concurrent Cycle
[1.268s][info][gc,marking    ] GC(8) Concurrent Clear Claimed Marks
[1.268s][info][gc,marking    ] GC(8) Concurrent Clear Claimed Marks 0.032ms
[1.268s][info][gc,marking    ] GC(8) Concurrent Scan Root Regions
[1.270s][info][gc,marking    ] GC(8) Concurrent Scan Root Regions 1.955ms
[1.270s][info][gc,marking    ] GC(8) Concurrent Mark (1.270s)
[1.270s][info][gc,marking    ] GC(8) Concurrent Mark From Roots
[1.270s][info][gc,task       ] GC(8) Using 1 workers of 1 for marking
[1.356s][info][gc,marking    ] GC(8) Concurrent Mark From Roots 85.534ms
[1.356s][info][gc,marking    ] GC(8) Concurrent Preclean
[1.356s][info][gc,marking    ] GC(8) Concurrent Preclean 0.070ms
[1.356s][info][gc,marking    ] GC(8) Concurrent Mark (1.270s, 1.356s) 85.646ms
[1.357s][info][gc,start      ] GC(8) Pause Remark
[1.361s][info][gc,stringtable] GC(8) Cleaned string and symbol table, strings: 12178 processed, 1 removed, symbols: 88081 processed, 19 removed
[1.361s][info][gc            ] GC(8) Pause Remark 35M->35M(178M) 4.353ms
[1.361s][info][gc,cpu        ] GC(8) User=0.00s Sys=0.00s Real=0.00s
[1.361s][info][gc,marking    ] GC(8) Concurrent Rebuild Remembered Sets
[1.417s][info][gc,marking    ] GC(8) Concurrent Rebuild Remembered Sets 55.985ms
[1.417s][info][gc,start      ] GC(8) Pause Cleanup
[1.417s][info][gc            ] GC(8) Pause Cleanup 37M->37M(178M) 0.061ms
[1.417s][info][gc,cpu        ] GC(8) User=0.00s Sys=0.00s Real=0.00s
[1.422s][info][gc,marking    ] GC(8) Concurrent Cleanup for Next Mark
[1.431s][info][gc,marking    ] GC(8) Concurrent Cleanup for Next Mark 9.191ms
[1.431s][info][gc            ] GC(8) Concurrent Cycle 162.590ms
[1.722s][info][gc,start      ] GC(9) Pause Young (Normal) (G1 Evacuation Pause)
[1.722s][info][gc,task       ] GC(9) Using 2 workers of 2 for evacuation
[1.753s][info][gc,phases     ] GC(9)   Pre Evacuate Collection Set: 0.0ms
[1.753s][info][gc,phases     ] GC(9)   Evacuate Collection Set: 30.4ms
[1.753s][info][gc,phases     ] GC(9)   Post Evacuate Collection Set: 0.7ms
[1.753s][info][gc,phases     ] GC(9)   Other: 0.2ms
[1.753s][info][gc,heap       ] GC(9) Eden regions: 26->0(31)
[1.753s][info][gc,heap       ] GC(9) Survivor regions: 3->4(4)
[1.753s][info][gc,heap       ] GC(9) Old regions: 31->45
[1.753s][info][gc,heap       ] GC(9) Humongous regions: 0->0
[1.753s][info][gc,metaspace  ] GC(9) Metaspace: 30501K->30501K(1077248K)
[1.753s][info][gc            ] GC(9) Pause Young (Normal) (G1 Evacuation Pause) 60M->49M(178M) 31.269ms
[1.753s][info][gc,cpu        ] GC(9) User=0.05s Sys=0.00s Real=0.03s
[2.542s][info][gc,start      ] GC(10) Pause Young (Normal) (G1 Evacuation Pause)
[2.542s][info][gc,task       ] GC(10) Using 2 workers of 2 for evacuation
[2.569s][info][gc,phases     ] GC(10)   Pre Evacuate Collection Set: 0.0ms
[2.569s][info][gc,phases     ] GC(10)   Evacuate Collection Set: 23.9ms
[2.569s][info][gc,phases     ] GC(10)   Post Evacuate Collection Set: 2.5ms
[2.569s][info][gc,phases     ] GC(10)   Other: 0.2ms
[2.569s][info][gc,heap       ] GC(10) Eden regions: 31->0(38)
[2.569s][info][gc,heap       ] GC(10) Survivor regions: 4->5(5)
[2.569s][info][gc,heap       ] GC(10) Old regions: 45->60
[2.569s][info][gc,heap       ] GC(10) Humongous regions: 0->0
[2.569s][info][gc,metaspace  ] GC(10) Metaspace: 42850K->42850K(1089536K)
[2.569s][info][gc            ] GC(10) Pause Young (Normal) (G1 Evacuation Pause) 80M->64M(356M) 26.627ms
[2.569s][info][gc,cpu        ] GC(10) User=0.05s Sys=0.00s Real=0.03s
[2.835s][info][gc,start      ] GC(11) Pause Young (Concurrent Start) (Metadata GC Threshold)
[2.835s][info][gc,task       ] GC(11) Using 2 workers of 2 for evacuation
[2.862s][info][gc,phases     ] GC(11)   Pre Evacuate Collection Set: 0.2ms
[2.862s][info][gc,phases     ] GC(11)   Evacuate Collection Set: 26.1ms
[2.862s][info][gc,phases     ] GC(11)   Post Evacuate Collection Set: 0.7ms
[2.862s][info][gc,phases     ] GC(11)   Other: 0.3ms
[2.862s][info][gc,heap       ] GC(11) Eden regions: 17->0(41)
[2.862s][info][gc,heap       ] GC(11) Survivor regions: 5->5(6)
[2.862s][info][gc,heap       ] GC(11) Old regions: 60->65
[2.862s][info][gc,heap       ] GC(11) Humongous regions: 0->0
[2.862s][info][gc,metaspace  ] GC(11) Metaspace: 43705K->43705K(1089536K)
[2.862s][info][gc            ] GC(11) Pause Young (Concurrent Start) (Metadata GC Threshold) 81M->69M(356M) 27.346ms
[2.862s][info][gc,cpu        ] GC(11) User=0.04s Sys=0.01s Real=0.02s
[2.862s][info][gc            ] GC(12) Concurrent Cycle
[2.862s][info][gc,marking    ] GC(12) Concurrent Clear Claimed Marks
[2.862s][info][gc,marking    ] GC(12) Concurrent Clear Claimed Marks 0.120ms
[2.862s][info][gc,marking    ] GC(12) Concurrent Scan Root Regions
[2.867s][info][gc,marking    ] GC(12) Concurrent Scan Root Regions 5.049ms
[2.867s][info][gc,marking    ] GC(12) Concurrent Mark (2.867s)
[2.867s][info][gc,marking    ] GC(12) Concurrent Mark From Roots
[2.867s][info][gc,task       ] GC(12) Using 1 workers of 1 for marking
[2.945s][info][gc,marking    ] GC(12) Concurrent Mark From Roots 77.613ms
[2.945s][info][gc,marking    ] GC(12) Concurrent Preclean
[2.945s][info][gc,marking    ] GC(12) Concurrent Preclean 0.194ms
[2.945s][info][gc,marking    ] GC(12) Concurrent Mark (2.867s, 2.945s) 77.861ms
[2.950s][info][gc,start      ] GC(12) Pause Remark
[2.960s][info][gc,stringtable] GC(12) Cleaned string and symbol table, strings: 20132 processed, 144 removed, symbols: 137204 processed, 72 removed
[2.960s][info][gc            ] GC(12) Pause Remark 72M->72M(356M) 10.247ms
[2.960s][info][gc,cpu        ] GC(12) User=0.02s Sys=0.00s Real=0.01s
[2.960s][info][gc,marking    ] GC(12) Concurrent Rebuild Remembered Sets
[3.039s][info][gc,marking    ] GC(12) Concurrent Rebuild Remembered Sets 78.322ms
[3.039s][info][gc,start      ] GC(12) Pause Cleanup
[3.039s][info][gc            ] GC(12) Pause Cleanup 77M->77M(356M) 0.160ms
[3.039s][info][gc,cpu        ] GC(12) User=0.00s Sys=0.00s Real=0.00s
[3.039s][info][gc,marking    ] GC(12) Concurrent Cleanup for Next Mark
[3.047s][info][gc,marking    ] GC(12) Concurrent Cleanup for Next Mark 8.392ms
[3.047s][info][gc            ] GC(12) Concurrent Cycle 185.299ms
[3.390s][info][gc,start      ] GC(13) Pause Young (Normal) (G1 Evacuation Pause)
[3.390s][info][gc,task       ] GC(13) Using 2 workers of 2 for evacuation
[3.394s][info][gc,phases     ] GC(13)   Pre Evacuate Collection Set: 0.0ms
[3.394s][info][gc,phases     ] GC(13)   Evacuate Collection Set: 3.8ms
[3.394s][info][gc,phases     ] GC(13)   Post Evacuate Collection Set: 0.6ms
[3.394s][info][gc,phases     ] GC(13)   Other: 0.1ms
[3.394s][info][gc,heap       ] GC(13) Eden regions: 41->0(193)
[3.394s][info][gc,heap       ] GC(13) Survivor regions: 5->1(6)
[3.394s][info][gc,heap       ] GC(13) Old regions: 65->67
[3.394s][info][gc,heap       ] GC(13) Humongous regions: 0->0
[3.394s][info][gc,metaspace  ] GC(13) Metaspace: 44494K->44494K(1089536K)
[3.394s][info][gc            ] GC(13) Pause Young (Normal) (G1 Evacuation Pause) 110M->67M(356M) 4.592ms
[3.395s][info][gc,cpu        ] GC(13) User=0.01s Sys=0.00s Real=0.01s
[5.568s][info][gc,start      ] GC(14) Pause Young (Concurrent Start) (Metadata GC Threshold)
[5.568s][info][gc,task       ] GC(14) Using 2 workers of 2 for evacuation
[5.598s][info][gc,phases     ] GC(14)   Pre Evacuate Collection Set: 0.2ms
[5.598s][info][gc,phases     ] GC(14)   Evacuate Collection Set: 26.2ms
[5.598s][info][gc,phases     ] GC(14)   Post Evacuate Collection Set: 3.5ms
[5.598s][info][gc,phases     ] GC(14)   Other: 0.3ms
[5.598s][info][gc,heap       ] GC(14) Eden regions: 98->0(110)
[5.598s][info][gc,heap       ] GC(14) Survivor regions: 1->12(25)
[5.598s][info][gc,heap       ] GC(14) Old regions: 67->67
[5.598s][info][gc,heap       ] GC(14) Humongous regions: 9->0
[5.598s][info][gc,metaspace  ] GC(14) Metaspace: 72928K->72928K(1116160K)
[5.598s][info][gc            ] GC(14) Pause Young (Concurrent Start) (Metadata GC Threshold) 174M->78M(356M) 30.331ms
[5.598s][info][gc,cpu        ] GC(14) User=0.05s Sys=0.01s Real=0.03s
[5.598s][info][gc            ] GC(15) Concurrent Cycle
[5.598s][info][gc,marking    ] GC(15) Concurrent Clear Claimed Marks
[5.598s][info][gc,marking    ] GC(15) Concurrent Clear Claimed Marks 0.334ms
[5.598s][info][gc,marking    ] GC(15) Concurrent Scan Root Regions
[5.630s][info][gc,marking    ] GC(15) Concurrent Scan Root Regions 31.533ms
[5.630s][info][gc,marking    ] GC(15) Concurrent Mark (5.630s)
[5.630s][info][gc,marking    ] GC(15) Concurrent Mark From Roots
[5.630s][info][gc,task       ] GC(15) Using 1 workers of 1 for marking
[5.825s][info][gc,marking    ] GC(15) Concurrent Mark From Roots 194.655ms
[5.825s][info][gc,marking    ] GC(15) Concurrent Preclean
[5.825s][info][gc,marking    ] GC(15) Concurrent Preclean 0.111ms
[5.825s][info][gc,marking    ] GC(15) Concurrent Mark (5.630s, 5.825s) 194.824ms
[5.825s][info][gc,start      ] GC(15) Pause Remark
[5.838s][info][gc,stringtable] GC(15) Cleaned string and symbol table, strings: 30516 processed, 0 removed, symbols: 222309 processed, 111 removed
[5.838s][info][gc            ] GC(15) Pause Remark 113M->113M(356M) 13.224ms
[5.838s][info][gc,cpu        ] GC(15) User=0.02s Sys=0.00s Real=0.02s
[5.838s][info][gc,marking    ] GC(15) Concurrent Rebuild Remembered Sets
[5.957s][info][gc,marking    ] GC(15) Concurrent Rebuild Remembered Sets 118.821ms
[5.960s][info][gc,start      ] GC(15) Pause Cleanup
[5.960s][info][gc            ] GC(15) Pause Cleanup 135M->135M(356M) 0.186ms
[5.960s][info][gc,cpu        ] GC(15) User=0.00s Sys=0.00s Real=0.00s
[5.960s][info][gc,marking    ] GC(15) Concurrent Cleanup for Next Mark
[5.975s][info][gc,marking    ] GC(15) Concurrent Cleanup for Next Mark 14.376ms
[5.975s][info][gc            ] GC(15) Concurrent Cycle 376.872ms
[6.146s][info][gc,start      ] GC(16) Pause Young (Concurrent Start) (G1 Evacuation Pause)
[6.146s][info][gc,task       ] GC(16) Using 2 workers of 2 for evacuation
[6.187s][info][gc,phases     ] GC(16)   Pre Evacuate Collection Set: 0.2ms
[6.187s][info][gc,phases     ] GC(16)   Evacuate Collection Set: 36.1ms
[6.187s][info][gc,phases     ] GC(16)   Post Evacuate Collection Set: 4.4ms
[6.187s][info][gc,phases     ] GC(16)   Other: 0.2ms
[6.187s][info][gc,heap       ] GC(16) Eden regions: 113->0(122)
[6.187s][info][gc,heap       ] GC(16) Survivor regions: 12->15(16)
[6.187s][info][gc,heap       ] GC(16) Old regions: 67->78
[6.187s][info][gc,heap       ] GC(16) Humongous regions: 0->0
[6.187s][info][gc,metaspace  ] GC(16) Metaspace: 78907K->78907K(1122304K)
[6.187s][info][gc            ] GC(16) Pause Young (Concurrent Start) (G1 Evacuation Pause) 191M->92M(615M) 41.046ms
[6.187s][info][gc,cpu        ] GC(16) User=0.06s Sys=0.01s Real=0.04s
[6.187s][info][gc            ] GC(17) Concurrent Cycle
[6.187s][info][gc,marking    ] GC(17) Concurrent Clear Claimed Marks
[6.187s][info][gc,marking    ] GC(17) Concurrent Clear Claimed Marks 0.229ms
[6.187s][info][gc,marking    ] GC(17) Concurrent Scan Root Regions
[6.193s][info][gc,marking    ] GC(17) Concurrent Scan Root Regions 5.784ms
[6.193s][info][gc,marking    ] GC(17) Concurrent Mark (6.193s)
[6.193s][info][gc,marking    ] GC(17) Concurrent Mark From Roots
[6.193s][info][gc,task       ] GC(17) Using 1 workers of 1 for marking
[6.494s][info][gc,marking    ] GC(17) Concurrent Mark From Roots 300.767ms
[6.494s][info][gc,marking    ] GC(17) Concurrent Preclean
[6.494s][info][gc,marking    ] GC(17) Concurrent Preclean 0.077ms
[6.494s][info][gc,marking    ] GC(17) Concurrent Mark (6.193s, 6.494s) 300.894ms
[6.494s][info][gc,start      ] GC(17) Pause Remark
[6.506s][info][gc,stringtable] GC(17) Cleaned string and symbol table, strings: 32096 processed, 0 removed, symbols: 231364 processed, 22 removed
[6.507s][info][gc            ] GC(17) Pause Remark 112M->112M(615M) 12.632ms
[6.507s][info][gc,cpu        ] GC(17) User=0.02s Sys=0.00s Real=0.01s
[6.507s][info][gc,marking    ] GC(17) Concurrent Rebuild Remembered Sets
[6.595s][info][gc,marking    ] GC(17) Concurrent Rebuild Remembered Sets 88.773ms
[6.596s][info][gc,start      ] GC(17) Pause Cleanup
[6.596s][info][gc            ] GC(17) Pause Cleanup 113M->113M(615M) 0.242ms
[6.596s][info][gc,cpu        ] GC(17) User=0.00s Sys=0.00s Real=0.00s
[6.596s][info][gc,marking    ] GC(17) Concurrent Cleanup for Next Mark
[6.599s][info][gc,marking    ] GC(17) Concurrent Cleanup for Next Mark 2.621ms
[6.599s][info][gc            ] GC(17) Concurrent Cycle 411.965ms
[9.905s][info][gc,start      ] GC(18) Pause Young (Normal) (G1 Evacuation Pause)
[9.905s][info][gc,task       ] GC(18) Using 2 workers of 2 for evacuation
[9.961s][info][gc,phases     ] GC(18)   Pre Evacuate Collection Set: 0.0ms
[9.961s][info][gc,phases     ] GC(18)   Evacuate Collection Set: 53.6ms
[9.961s][info][gc,phases     ] GC(18)   Post Evacuate Collection Set: 2.6ms
[9.961s][info][gc,phases     ] GC(18)   Other: 0.2ms
[9.961s][info][gc,heap       ] GC(18) Eden regions: 130->0(136)
[9.961s][info][gc,heap       ] GC(18) Survivor regions: 15->17(19)
[9.961s][info][gc,heap       ] GC(18) Old regions: 78->92
[9.961s][info][gc,heap       ] GC(18) Humongous regions: 2->1
[9.961s][info][gc,metaspace  ] GC(18) Metaspace: 107942K->107942K(1146880K)
[9.961s][info][gc            ] GC(18) Pause Young (Normal) (G1 Evacuation Pause) 224M->110M(615M) 56.531ms
[9.961s][info][gc,cpu        ] GC(18) User=0.07s Sys=0.02s Real=0.06s
[11.298s][info][gc,start      ] GC(19) Pause Young (Normal) (G1 Evacuation Pause)
[11.298s][info][gc,task       ] GC(19) Using 2 workers of 2 for evacuation
[11.335s][info][gc,phases     ] GC(19)   Pre Evacuate Collection Set: 0.0ms
[11.335s][info][gc,phases     ] GC(19)   Evacuate Collection Set: 34.1ms
[11.335s][info][gc,phases     ] GC(19)   Post Evacuate Collection Set: 2.2ms
[11.335s][info][gc,phases     ] GC(19)   Other: 0.2ms
[11.335s][info][gc,heap       ] GC(19) Eden regions: 130->0(165)
[11.335s][info][gc,heap       ] GC(19) Survivor regions: 17->5(19)
[11.335s][info][gc,heap       ] GC(19) Old regions: 92->109
[11.335s][info][gc,heap       ] GC(19) Humongous regions: 1->1
[11.335s][info][gc,metaspace  ] GC(19) Metaspace: 109530K->109530K(1148928K)
[11.335s][info][gc            ] GC(19) Pause Young (Normal) (G1 Evacuation Pause) 240M->114M(615M) 36.548ms
[11.335s][info][gc,cpu        ] GC(19) User=0.07s Sys=0.00s Real=0.04s
[12.521s][info][gc,start      ] GC(20) Pause Young (Normal) (G1 Evacuation Pause)
[12.521s][info][gc,task       ] GC(20) Using 2 workers of 2 for evacuation
[12.538s][info][gc,phases     ] GC(20)   Pre Evacuate Collection Set: 0.0ms
[12.538s][info][gc,phases     ] GC(20)   Evacuate Collection Set: 15.5ms
[12.538s][info][gc,phases     ] GC(20)   Post Evacuate Collection Set: 1.7ms
[12.538s][info][gc,phases     ] GC(20)   Other: 0.2ms
[12.538s][info][gc,heap       ] GC(20) Eden regions: 165->0(213)
[12.538s][info][gc,heap       ] GC(20) Survivor regions: 5->9(22)
[12.538s][info][gc,heap       ] GC(20) Old regions: 109->109
[12.538s][info][gc,heap       ] GC(20) Humongous regions: 1->1
[12.538s][info][gc,metaspace  ] GC(20) Metaspace: 109720K->109720K(1148928K)
[12.538s][info][gc            ] GC(20) Pause Young (Normal) (G1 Evacuation Pause) 279M->118M(615M) 17.425ms
[12.538s][info][gc,cpu        ] GC(20) User=0.02s Sys=0.00s Real=0.02s
[13.475s][info][gc,start      ] GC(21) Pause Young (Normal) (G1 Evacuation Pause)
[13.475s][info][gc,task       ] GC(21) Using 2 workers of 2 for evacuation
[13.499s][info][gc,phases     ] GC(21)   Pre Evacuate Collection Set: 0.0ms
[13.499s][info][gc,phases     ] GC(21)   Evacuate Collection Set: 23.0ms
[13.499s][info][gc,phases     ] GC(21)   Post Evacuate Collection Set: 1.7ms
[13.499s][info][gc,phases     ] GC(21)   Other: 0.2ms
[13.499s][info][gc,heap       ] GC(21) Eden regions: 213->0(327)
[13.499s][info][gc,heap       ] GC(21) Survivor regions: 9->12(28)
[13.499s][info][gc,heap       ] GC(21) Old regions: 109->109
[13.499s][info][gc,heap       ] GC(21) Humongous regions: 1->1
[13.499s][info][gc,metaspace  ] GC(21) Metaspace: 109772K->109772K(1148928K)
[13.500s][info][gc            ] GC(21) Pause Young (Normal) (G1 Evacuation Pause) 331M->121M(615M) 24.984ms
[13.500s][info][gc,cpu        ] GC(21) User=0.04s Sys=0.01s Real=0.02s
[16.314s][info][gc,start      ] GC(22) Pause Young (Normal) (G1 Evacuation Pause)
[16.314s][info][gc,task       ] GC(22) Using 2 workers of 2 for evacuation
[16.347s][info][gc,phases     ] GC(22)   Pre Evacuate Collection Set: 0.0ms
[16.347s][info][gc,phases     ] GC(22)   Evacuate Collection Set: 28.9ms
[16.347s][info][gc,phases     ] GC(22)   Post Evacuate Collection Set: 4.7ms
[16.347s][info][gc,phases     ] GC(22)   Other: 0.3ms
[16.347s][info][gc,heap       ] GC(22) Eden regions: 327->0(427)
[16.347s][info][gc,heap       ] GC(22) Survivor regions: 12->21(43)
[16.347s][info][gc,heap       ] GC(22) Old regions: 109->109
[16.347s][info][gc,heap       ] GC(22) Humongous regions: 1->1
[16.347s][info][gc,metaspace  ] GC(22) Metaspace: 118226K->118226K(1157120K)
[16.347s][info][gc            ] GC(22) Pause Young (Normal) (G1 Evacuation Pause) 448M->130M(832M) 33.992ms
[16.348s][info][gc,cpu        ] GC(22) User=0.06s Sys=0.00s Real=0.04s
[19.035s][info][gc,start      ] GC(23) Pause Young (Normal) (G1 Evacuation Pause)
[19.035s][info][gc,task       ] GC(23) Using 2 workers of 2 for evacuation
[19.063s][info][gc,phases     ] GC(23)   Pre Evacuate Collection Set: 0.0ms
[19.063s][info][gc,phases     ] GC(23)   Evacuate Collection Set: 24.5ms
[19.063s][info][gc,phases     ] GC(23)   Post Evacuate Collection Set: 3.7ms
[19.063s][info][gc,phases     ] GC(23)   Other: 0.3ms
[19.063s][info][gc,heap       ] GC(23) Eden regions: 427->0(475)
[19.063s][info][gc,heap       ] GC(23) Survivor regions: 21->24(56)
[19.063s][info][gc,heap       ] GC(23) Old regions: 109->109
[19.063s][info][gc,heap       ] GC(23) Humongous regions: 1->1
[19.063s][info][gc,metaspace  ] GC(23) Metaspace: 118619K->118619K(1157120K)
[19.063s][info][gc            ] GC(23) Pause Young (Normal) (G1 Evacuation Pause) 557M->133M(832M) 28.653ms
[19.063s][info][gc,cpu        ] GC(23) User=0.05s Sys=0.00s Real=0.02s
[21.811s][info][gc,start      ] GC(24) Pause Young (Normal) (G1 Evacuation Pause)
[21.811s][info][gc,task       ] GC(24) Using 2 workers of 2 for evacuation
[21.855s][info][gc,phases     ] GC(24)   Pre Evacuate Collection Set: 0.1ms
[21.855s][info][gc,phases     ] GC(24)   Evacuate Collection Set: 41.3ms
[21.855s][info][gc,phases     ] GC(24)   Post Evacuate Collection Set: 2.9ms
[21.855s][info][gc,phases     ] GC(24)   Other: 0.2ms
[21.855s][info][gc,heap       ] GC(24) Eden regions: 475->0(471)
[21.855s][info][gc,heap       ] GC(24) Survivor regions: 24->28(63)
[21.855s][info][gc,heap       ] GC(24) Old regions: 109->109
[21.855s][info][gc,heap       ] GC(24) Humongous regions: 1->1
[21.855s][info][gc,metaspace  ] GC(24) Metaspace: 118932K->118932K(1157120K)
[21.855s][info][gc            ] GC(24) Pause Young (Normal) (G1 Evacuation Pause) 608M->137M(832M) 44.599ms
[21.855s][info][gc,cpu        ] GC(24) User=0.09s Sys=0.00s Real=0.05s
[24.091s][info][gc,start      ] GC(25) Pause Young (Normal) (G1 Evacuation Pause)
[24.091s][info][gc,task       ] GC(25) Using 2 workers of 2 for evacuation
[24.149s][info][gc,phases     ] GC(25)   Pre Evacuate Collection Set: 0.0ms
[24.149s][info][gc,phases     ] GC(25)   Evacuate Collection Set: 44.6ms
[24.149s][info][gc,phases     ] GC(25)   Post Evacuate Collection Set: 12.8ms
[24.149s][info][gc,phases     ] GC(25)   Other: 0.3ms
[24.149s][info][gc,heap       ] GC(25) Eden regions: 471->0(470)
[24.149s][info][gc,heap       ] GC(25) Survivor regions: 28->29(63)
[24.149s][info][gc,heap       ] GC(25) Old regions: 109->109
[24.149s][info][gc,heap       ] GC(25) Humongous regions: 3->2
[24.149s][info][gc,metaspace  ] GC(25) Metaspace: 118961K->118961K(1157120K)
[24.149s][info][gc            ] GC(25) Pause Young (Normal) (G1 Evacuation Pause) 610M->139M(832M) 57.835ms
[24.149s][info][gc,cpu        ] GC(25) User=0.12s Sys=0.00s Real=0.06s
[26.152s][info][gc,start      ] GC(26) Pause Young (Normal) (G1 Evacuation Pause)
[26.152s][info][gc,task       ] GC(26) Using 2 workers of 2 for evacuation
[26.213s][info][gc,phases     ] GC(26)   Pre Evacuate Collection Set: 0.0ms
[26.213s][info][gc,phases     ] GC(26)   Evacuate Collection Set: 57.2ms
[26.213s][info][gc,phases     ] GC(26)   Post Evacuate Collection Set: 3.5ms
[26.213s][info][gc,phases     ] GC(26)   Other: 0.2ms
[26.213s][info][gc,heap       ] GC(26) Eden regions: 470->0(469)
[26.213s][info][gc,heap       ] GC(26) Survivor regions: 29->30(63)
[26.213s][info][gc,heap       ] GC(26) Old regions: 109->109
[26.213s][info][gc,heap       ] GC(26) Humongous regions: 2->2
[26.213s][info][gc,metaspace  ] GC(26) Metaspace: 118999K->118999K(1157120K)
[26.213s][info][gc            ] GC(26) Pause Young (Normal) (G1 Evacuation Pause) 609M->140M(832M) 61.018ms
[26.213s][info][gc,cpu        ] GC(26) User=0.12s Sys=0.00s Real=0.06s
[28.289s][info][gc,start      ] GC(27) Pause Young (Normal) (G1 Evacuation Pause)
[28.289s][info][gc,task       ] GC(27) Using 2 workers of 2 for evacuation
[28.320s][info][gc,phases     ] GC(27)   Pre Evacuate Collection Set: 0.0ms
[28.320s][info][gc,phases     ] GC(27)   Evacuate Collection Set: 28.9ms
[28.320s][info][gc,phases     ] GC(27)   Post Evacuate Collection Set: 2.6ms
[28.320s][info][gc,phases     ] GC(27)   Other: 0.2ms
[28.320s][info][gc,heap       ] GC(27) Eden regions: 469->0(467)
[28.320s][info][gc,heap       ] GC(27) Survivor regions: 30->32(63)
[28.320s][info][gc,heap       ] GC(27) Old regions: 109->109
[28.320s][info][gc,heap       ] GC(27) Humongous regions: 2->2
[28.320s][info][gc,metaspace  ] GC(27) Metaspace: 119015K->119015K(1157120K)
[28.320s][info][gc            ] GC(27) Pause Young (Normal) (G1 Evacuation Pause) 609M->142M(832M) 31.807ms
[28.320s][info][gc,cpu        ] GC(27) User=0.06s Sys=0.00s Real=0.03s
[30.324s][info][gc,start      ] GC(28) Pause Young (Normal) (G1 Evacuation Pause)
[30.324s][info][gc,task       ] GC(28) Using 2 workers of 2 for evacuation
[30.385s][info][gc,phases     ] GC(28)   Pre Evacuate Collection Set: 0.0ms
[30.385s][info][gc,phases     ] GC(28)   Evacuate Collection Set: 58.1ms
[30.385s][info][gc,phases     ] GC(28)   Post Evacuate Collection Set: 3.2ms
[30.385s][info][gc,phases     ] GC(28)   Other: 0.2ms
[30.385s][info][gc,heap       ] GC(28) Eden regions: 467->0(467)
[30.385s][info][gc,heap       ] GC(28) Survivor regions: 32->32(63)
[30.385s][info][gc,heap       ] GC(28) Old regions: 109->109
[30.385s][info][gc,heap       ] GC(28) Humongous regions: 2->2
[30.385s][info][gc,metaspace  ] GC(28) Metaspace: 119025K->119025K(1157120K)
[30.385s][info][gc            ] GC(28) Pause Young (Normal) (G1 Evacuation Pause) 609M->142M(832M) 61.688ms
[30.385s][info][gc,cpu        ] GC(28) User=0.12s Sys=0.00s Real=0.06s
[32.070s][info][gc,start      ] GC(29) Pause Young (Normal) (G1 Evacuation Pause)
[32.070s][info][gc,task       ] GC(29) Using 2 workers of 2 for evacuation
[32.108s][info][gc,phases     ] GC(29)   Pre Evacuate Collection Set: 0.0ms
[32.108s][info][gc,phases     ] GC(29)   Evacuate Collection Set: 35.0ms
[32.108s][info][gc,phases     ] GC(29)   Post Evacuate Collection Set: 2.5ms
[32.108s][info][gc,phases     ] GC(29)   Other: 0.2ms
[32.108s][info][gc,heap       ] GC(29) Eden regions: 467->0(467)
[32.108s][info][gc,heap       ] GC(29) Survivor regions: 32->32(63)
[32.108s][info][gc,heap       ] GC(29) Old regions: 109->109
[32.108s][info][gc,heap       ] GC(29) Humongous regions: 2->2
[32.108s][info][gc,metaspace  ] GC(29) Metaspace: 119030K->119030K(1157120K)
[32.108s][info][gc            ] GC(29) Pause Young (Normal) (G1 Evacuation Pause) 609M->142M(832M) 37.790ms
[32.108s][info][gc,cpu        ] GC(29) User=0.07s Sys=0.00s Real=0.04s
[33.952s][info][gc,start      ] GC(30) Pause Young (Normal) (G1 Evacuation Pause)
[33.952s][info][gc,task       ] GC(30) Using 2 workers of 2 for evacuation
[34.011s][info][gc,phases     ] GC(30)   Pre Evacuate Collection Set: 0.0ms
[34.011s][info][gc,phases     ] GC(30)   Evacuate Collection Set: 53.5ms
[34.011s][info][gc,phases     ] GC(30)   Post Evacuate Collection Set: 4.9ms
[34.011s][info][gc,phases     ] GC(30)   Other: 0.2ms
[34.011s][info][gc,heap       ] GC(30) Eden regions: 467->0(465)
[34.011s][info][gc,heap       ] GC(30) Survivor regions: 32->34(63)
[34.011s][info][gc,heap       ] GC(30) Old regions: 109->109
[34.011s][info][gc,heap       ] GC(30) Humongous regions: 2->2
[34.011s][info][gc,metaspace  ] GC(30) Metaspace: 119132K->119132K(1157120K)
[34.011s][info][gc            ] GC(30) Pause Young (Normal) (G1 Evacuation Pause) 609M->144M(832M) 58.741ms
[34.011s][info][gc,cpu        ] GC(30) User=0.12s Sys=0.00s Real=0.06s
[35.878s][info][gc,start      ] GC(31) Pause Young (Normal) (GCLocker Initiated GC)
[35.878s][info][gc,task       ] GC(31) Using 2 workers of 2 for evacuation
[35.917s][info][gc,phases     ] GC(31)   Pre Evacuate Collection Set: 0.0ms
[35.917s][info][gc,phases     ] GC(31)   Evacuate Collection Set: 35.7ms
[35.917s][info][gc,phases     ] GC(31)   Post Evacuate Collection Set: 3.9ms
[35.917s][info][gc,phases     ] GC(31)   Other: 0.2ms
[35.917s][info][gc,heap       ] GC(31) Eden regions: 465->0(563)
[35.917s][info][gc,heap       ] GC(31) Survivor regions: 34->33(63)
[35.917s][info][gc,heap       ] GC(31) Old regions: 109->111
[35.917s][info][gc,heap       ] GC(31) Humongous regions: 2->2
[35.917s][info][gc,metaspace  ] GC(31) Metaspace: 119267K->119267K(1157120K)
[35.917s][info][gc            ] GC(31) Pause Young (Normal) (GCLocker Initiated GC) 609M->145M(994M) 39.880ms
[35.917s][info][gc,cpu        ] GC(31) User=0.07s Sys=0.01s Real=0.04s
[38.080s][info][gc,start      ] GC(32) Pause Young (Normal) (G1 Evacuation Pause)
[38.080s][info][gc,task       ] GC(32) Using 2 workers of 2 for evacuation
[38.146s][info][gc,phases     ] GC(32)   Pre Evacuate Collection Set: 0.1ms
[38.146s][info][gc,phases     ] GC(32)   Evacuate Collection Set: 62.6ms
[38.146s][info][gc,phases     ] GC(32)   Post Evacuate Collection Set: 3.3ms
[38.146s][info][gc,phases     ] GC(32)   Other: 0.2ms
[38.146s][info][gc,heap       ] GC(32) Eden regions: 563->0(562)
[38.146s][info][gc,heap       ] GC(32) Survivor regions: 33->34(75)
[38.146s][info][gc,heap       ] GC(32) Old regions: 111->111
[38.146s][info][gc,heap       ] GC(32) Humongous regions: 2->2
[38.146s][info][gc,metaspace  ] GC(32) Metaspace: 119275K->119275K(1157120K)
[38.146s][info][gc            ] GC(32) Pause Young (Normal) (G1 Evacuation Pause) 708M->146M(994M) 66.274ms
[38.146s][info][gc,cpu        ] GC(32) User=0.13s Sys=0.00s Real=0.07s
[40.197s][info][gc,start      ] GC(33) Pause Young (Normal) (G1 Evacuation Pause)
[40.197s][info][gc,task       ] GC(33) Using 2 workers of 2 for evacuation
[40.238s][info][gc,phases     ] GC(33)   Pre Evacuate Collection Set: 0.1ms
[40.238s][info][gc,phases     ] GC(33)   Evacuate Collection Set: 37.8ms
[40.238s][info][gc,phases     ] GC(33)   Post Evacuate Collection Set: 3.1ms
[40.238s][info][gc,phases     ] GC(33)   Other: 0.3ms
[40.238s][info][gc,heap       ] GC(33) Eden regions: 562->0(561)
[40.238s][info][gc,heap       ] GC(33) Survivor regions: 34->35(75)
[40.238s][info][gc,heap       ] GC(33) Old regions: 111->111
[40.238s][info][gc,heap       ] GC(33) Humongous regions: 2->2
[40.238s][info][gc,metaspace  ] GC(33) Metaspace: 119291K->119291K(1157120K)
[40.238s][info][gc            ] GC(33) Pause Young (Normal) (G1 Evacuation Pause) 708M->147M(994M) 41.295ms
[40.238s][info][gc,cpu        ] GC(33) User=0.07s Sys=0.00s Real=0.04s
[43.809s][info][gc,start      ] GC(34) Pause Young (Concurrent Start) (Metadata GC Threshold)
[43.809s][info][gc,task       ] GC(34) Using 2 workers of 2 for evacuation
[43.866s][info][gc,phases     ] GC(34)   Pre Evacuate Collection Set: 0.8ms
[43.866s][info][gc,phases     ] GC(34)   Evacuate Collection Set: 52.9ms
[43.866s][info][gc,phases     ] GC(34)   Post Evacuate Collection Set: 3.8ms
[43.867s][info][gc,phases     ] GC(34)   Other: 0.4ms
[43.867s][info][gc,heap       ] GC(34) Eden regions: 432->0(551)
[43.867s][info][gc,heap       ] GC(34) Survivor regions: 35->45(75)
[43.867s][info][gc,heap       ] GC(34) Old regions: 111->111
[43.867s][info][gc,heap       ] GC(34) Humongous regions: 16->5
[43.867s][info][gc,metaspace  ] GC(34) Metaspace: 136687K->136687K(1173504K)
[43.867s][info][gc            ] GC(34) Pause Young (Concurrent Start) (Metadata GC Threshold) 592M->160M(994M) 57.875ms
[43.867s][info][gc,cpu        ] GC(34) User=0.11s Sys=0.00s Real=0.06s
[43.867s][info][gc            ] GC(35) Concurrent Cycle
[43.867s][info][gc,marking    ] GC(35) Concurrent Clear Claimed Marks
[43.867s][info][gc,marking    ] GC(35) Concurrent Clear Claimed Marks 0.370ms
[43.867s][info][gc,marking    ] GC(35) Concurrent Scan Root Regions
[43.893s][info][gc,marking    ] GC(35) Concurrent Scan Root Regions 26.317ms
[43.893s][info][gc,marking    ] GC(35) Concurrent Mark (43.893s)
[43.893s][info][gc,marking    ] GC(35) Concurrent Mark From Roots
[43.893s][info][gc,task       ] GC(35) Using 1 workers of 1 for marking
[44.189s][info][gc,marking    ] GC(35) Concurrent Mark From Roots 295.971ms
[44.189s][info][gc,marking    ] GC(35) Concurrent Preclean
[44.190s][info][gc,marking    ] GC(35) Concurrent Preclean 0.397ms
[44.190s][info][gc,marking    ] GC(35) Concurrent Mark (43.893s, 44.190s) 296.410ms
[44.190s][info][gc,start      ] GC(35) Pause Remark
[44.225s][info][gc,stringtable] GC(35) Cleaned string and symbol table, strings: 52703 processed, 1510 removed, symbols: 351330 processed, 138 removed
[44.226s][info][gc            ] GC(35) Pause Remark 176M->175M(994M) 35.913ms
[44.226s][info][gc,cpu        ] GC(35) User=0.07s Sys=0.00s Real=0.04s
[44.226s][info][gc,marking    ] GC(35) Concurrent Rebuild Remembered Sets
[44.390s][info][gc,marking    ] GC(35) Concurrent Rebuild Remembered Sets 163.499ms
[44.390s][info][gc,start      ] GC(35) Pause Cleanup
[44.390s][info][gc            ] GC(35) Pause Cleanup 183M->183M(994M) 0.345ms
[44.390s][info][gc,cpu        ] GC(35) User=0.00s Sys=0.00s Real=0.00s
[44.390s][info][gc,marking    ] GC(35) Concurrent Cleanup for Next Mark
[44.398s][info][gc,marking    ] GC(35) Concurrent Cleanup for Next Mark 7.918ms
[44.398s][info][gc            ] GC(35) Concurrent Cycle 531.515ms
[50.228s][info][gc,start      ] GC(36) Pause Young (Concurrent Start) (G1 Evacuation Pause)
[50.228s][info][gc,task       ] GC(36) Using 2 workers of 2 for evacuation
[50.314s][info][gc,phases     ] GC(36)   Pre Evacuate Collection Set: 0.3ms
[50.314s][info][gc,phases     ] GC(36)   Evacuate Collection Set: 81.4ms
[50.314s][info][gc,phases     ] GC(36)   Post Evacuate Collection Set: 4.3ms
[50.314s][info][gc,phases     ] GC(36)   Other: 0.3ms
[50.314s][info][gc,heap       ] GC(36) Eden regions: 551->0(546)
[50.314s][info][gc,heap       ] GC(36) Survivor regions: 45->50(75)
[50.314s][info][gc,heap       ] GC(36) Old regions: 111->121
[50.314s][info][gc,heap       ] GC(36) Humongous regions: 13->4
[50.314s][info][gc,metaspace  ] GC(36) Metaspace: 166701K->166701K(1200128K)
[50.314s][info][gc            ] GC(36) Pause Young (Concurrent Start) (G1 Evacuation Pause) 719M->174M(994M) 86.418ms
[50.314s][info][gc,cpu        ] GC(36) User=0.16s Sys=0.00s Real=0.09s
[50.314s][info][gc            ] GC(37) Concurrent Cycle
[50.314s][info][gc,marking    ] GC(37) Concurrent Clear Claimed Marks
[50.314s][info][gc,marking    ] GC(37) Concurrent Clear Claimed Marks 0.307ms
[50.314s][info][gc,marking    ] GC(37) Concurrent Scan Root Regions
[50.381s][info][gc,marking    ] GC(37) Concurrent Scan Root Regions 66.207ms
[50.381s][info][gc,marking    ] GC(37) Concurrent Mark (50.381s)
[50.381s][info][gc,marking    ] GC(37) Concurrent Mark From Roots
[50.381s][info][gc,task       ] GC(37) Using 1 workers of 1 for marking
[50.563s][info][gc,marking    ] GC(37) Concurrent Mark From Roots 182.504ms
[50.563s][info][gc,marking    ] GC(37) Concurrent Preclean
[50.563s][info][gc,marking    ] GC(37) Concurrent Preclean 0.141ms
[50.563s][info][gc,marking    ] GC(37) Concurrent Mark (50.381s, 50.563s) 182.678ms
[50.563s][info][gc,start      ] GC(37) Pause Remark
[50.613s][info][gc,stringtable] GC(37) Cleaned string and symbol table, strings: 62376 processed, 5 removed, symbols: 425798 processed, 154 removed
[50.613s][info][gc            ] GC(37) Pause Remark 224M->224M(994M) 49.688ms
[50.613s][info][gc,cpu        ] GC(37) User=0.10s Sys=0.00s Real=0.05s
[50.614s][info][gc,marking    ] GC(37) Concurrent Rebuild Remembered Sets
[50.721s][info][gc,marking    ] GC(37) Concurrent Rebuild Remembered Sets 107.154ms
[50.721s][info][gc,start      ] GC(37) Pause Cleanup
[50.722s][info][gc            ] GC(37) Pause Cleanup 234M->234M(994M) 0.251ms
[50.722s][info][gc,cpu        ] GC(37) User=0.00s Sys=0.00s Real=0.00s
[50.722s][info][gc,marking    ] GC(37) Concurrent Cleanup for Next Mark
[50.725s][info][gc,marking    ] GC(37) Concurrent Cleanup for Next Mark 3.550ms
[50.725s][info][gc            ] GC(37) Concurrent Cycle 411.242ms
[58.249s][info][gc,start      ] GC(38) Pause Young (Normal) (G1 Evacuation Pause)
[58.249s][info][gc,task       ] GC(38) Using 2 workers of 2 for evacuation
[58.341s][info][gc,phases     ] GC(38)   Pre Evacuate Collection Set: 0.0ms
[58.341s][info][gc,phases     ] GC(38)   Evacuate Collection Set: 82.0ms
[58.341s][info][gc,phases     ] GC(38)   Post Evacuate Collection Set: 10.1ms
[58.341s][info][gc,phases     ] GC(38)   Other: 0.2ms
[58.341s][info][gc,heap       ] GC(38) Eden regions: 546->0(556)
[58.341s][info][gc,heap       ] GC(38) Survivor regions: 50->40(75)
[58.341s][info][gc,heap       ] GC(38) Old regions: 121->143
[58.341s][info][gc,heap       ] GC(38) Humongous regions: 46->7
[58.341s][info][gc,metaspace  ] GC(38) Metaspace: 186869K->186869K(1216512K)
[58.341s][info][gc            ] GC(38) Pause Young (Normal) (G1 Evacuation Pause) 762M->189M(994M) 92.479ms
[58.342s][info][gc,cpu        ] GC(38) User=0.18s Sys=0.01s Real=0.09s
[66.111s][info][gc,start      ] GC(39) Pause Young (Normal) (G1 Evacuation Pause)
[66.111s][info][gc,task       ] GC(39) Using 2 workers of 2 for evacuation
[66.227s][info][gc,phases     ] GC(39)   Pre Evacuate Collection Set: 0.0ms
[66.227s][info][gc,phases     ] GC(39)   Evacuate Collection Set: 111.3ms
[66.227s][info][gc,phases     ] GC(39)   Post Evacuate Collection Set: 4.3ms
[66.227s][info][gc,phases     ] GC(39)   Other: 0.2ms
[66.227s][info][gc,heap       ] GC(39) Eden regions: 556->0(517)
[66.227s][info][gc,heap       ] GC(39) Survivor regions: 40->75(75)
[66.227s][info][gc,heap       ] GC(39) Old regions: 143->175
[66.227s][info][gc,heap       ] GC(39) Humongous regions: 32->21
[66.227s][info][gc,metaspace  ] GC(39) Metaspace: 215613K->215613K(1243136K)
[66.227s][info][gc            ] GC(39) Pause Young (Normal) (G1 Evacuation Pause) 770M->270M(994M) 115.911ms
[66.227s][info][gc,cpu        ] GC(39) User=0.23s Sys=0.00s Real=0.12s
[68.113s][info][gc,start      ] GC(40) Pause Young (Normal) (G1 Evacuation Pause)
[68.113s][info][gc,task       ] GC(40) Using 2 workers of 2 for evacuation
[68.266s][info][gc,phases     ] GC(40)   Pre Evacuate Collection Set: 0.0ms
[68.266s][info][gc,phases     ] GC(40)   Evacuate Collection Set: 142.3ms
[68.266s][info][gc,phases     ] GC(40)   Post Evacuate Collection Set: 10.8ms
[68.266s][info][gc,phases     ] GC(40)   Other: 0.2ms
[68.266s][info][gc,heap       ] GC(40) Eden regions: 517->0(494)
[68.266s][info][gc,heap       ] GC(40) Survivor regions: 75->23(74)
[68.266s][info][gc,heap       ] GC(40) Old regions: 175->249
[68.266s][info][gc,heap       ] GC(40) Humongous regions: 51->32
[68.266s][info][gc,metaspace  ] GC(40) Metaspace: 217825K->217825K(1245184K)
[68.266s][info][gc            ] GC(40) Pause Young (Normal) (G1 Evacuation Pause) 817M->303M(994M) 153.483ms
[68.266s][info][gc,cpu        ] GC(40) User=0.31s Sys=0.00s Real=0.16s
[72.383s][info][gc,start      ] GC(41) Pause Young (Normal) (G1 Evacuation Pause)
[72.383s][info][gc,task       ] GC(41) Using 2 workers of 2 for evacuation
[72.441s][info][gc,phases     ] GC(41)   Pre Evacuate Collection Set: 0.0ms
[72.441s][info][gc,phases     ] GC(41)   Evacuate Collection Set: 53.4ms
[72.441s][info][gc,phases     ] GC(41)   Post Evacuate Collection Set: 3.9ms
[72.441s][info][gc,phases     ] GC(41)   Other: 0.2ms
[72.441s][info][gc,heap       ] GC(41) Eden regions: 494->0(474)
[72.441s][info][gc,heap       ] GC(41) Survivor regions: 23->47(65)
[72.441s][info][gc,heap       ] GC(41) Old regions: 249->249
[72.441s][info][gc,heap       ] GC(41) Humongous regions: 39->38
[72.441s][info][gc,metaspace  ] GC(41) Metaspace: 225300K->225300K(1251328K)
[72.441s][info][gc            ] GC(41) Pause Young (Normal) (G1 Evacuation Pause) 804M->334M(994M) 57.591ms
[72.441s][info][gc,cpu        ] GC(41) User=0.11s Sys=0.00s Real=0.06s
[74.051s][info][gc,heap,exit  ] Heap
[74.051s][info][gc,heap,exit  ]  garbage-first heap   total 1017856K, used 371712K [0x00000006d0000000, 0x0000000800000000)
[74.051s][info][gc,heap,exit  ]   region size 1024K, 77 young (78848K), 47 survivors (48128K)
[74.051s][info][gc,heap,exit  ]  Metaspace       used 228494K, capacity 235000K, committed 235392K, reserved 1255424K
[74.051s][info][gc,heap,exit  ]   class space    used 27938K, capacity 30518K, committed 30616K, reserved 1048576K
